// Jest Snapshot v1, https://goo.gl/fbAQLP

exports[`Redux TodoList should not render anything if the todo list is empty 1`] = `
<View
  className=" bg-white dark:bg-black "
/>
`;

exports[`Redux TodoList should render a list of todos correctly 1`] = `
<View
  className=" bg-white dark:bg-black "
>
  <Text>
    temporibus atque distinctio omnis eius impedit tempore molestias pariatur
  </Text>
  <Text>
    ut quas possimus exercitationem sint voluptates
  </Text>
  <Text>
    rerum debitis voluptatem qui eveniet tempora distinctio a
  </Text>
  <Text>
    sed ut vero sit molestiae
  </Text>
  <Text>
    rerum ex veniam mollitia voluptatibus pariatur
  </Text>
  <Text>
    consequuntur aut ut fugit similique dignissimos quo nobis earum saepe quis eius est sint explicabo numquam repellendus a magnam 
  </Text>
  <Text>
    dignissimos quo nobis earum saepe
  </Text>
  <Text>
    quis eius est sint explicabo
  </Text>
  <Text>
    numquam repellendus a magnam
  </Text>
  <Text>
    ipsam aperiam voluptates qui
  </Text>
</View>
`;
